// Jest Snapshot v1, https://goo.gl/fbAQLP

exports[`<MovieTypes /> should render correctly 1`] = `
.c0 {
  display: -webkit-box;
  display: -webkit-flex;
  display: -ms-flexbox;
  display: flex;
  -webkit-align-items: center;
  -webkit-box-align: center;
  -ms-flex-align: center;
  align-items: center;
  -webkit-box-pack: center;
  -webkit-justify-content: center;
  -ms-flex-pack: center;
  justify-content: center;
  padding: 0.2rem 0.9rem;
  text-align: center;
  background: #FFF;
  border: 2px solid #116193;
  border-radius: 2rem;
  color: #116193;
  -webkit-transition: background 0.3s ease-in-out;
  transition: background 0.3s ease-in-out;
}

.c0:hover {
  background: #e5e5e5;
}

<span
  class="c0"
>
  Suspense
</span>
`;
