// Jest Snapshot v1, https://goo.gl/fbAQLP

exports[`<MovieCard /> should render the correctly 1`] = `
.c5 {
  background: #116193;
  padding: 0.2rem;
  border-radius: 50%;
  color: #00ede7;
  position: relative;
  height: 5.6rem;
  width: 5.6rem;
}

.c5 .c6 {
  border: 0.3rem solid #00ede7;
}

.c7 {
  display: -webkit-box;
  display: -webkit-flex;
  display: -ms-flexbox;
  display: flex;
  -webkit-align-items: center;
  -webkit-box-align: center;
  -ms-flex-align: center;
  align-items: center;
  -webkit-box-pack: center;
  -webkit-justify-content: center;
  -ms-flex-pack: center;
  justify-content: center;
  border-radius: 50%;
  width: 100%;
  height: 100%;
}

.c14 {
  display: -webkit-box;
  display: -webkit-flex;
  display: -ms-flexbox;
  display: flex;
  -webkit-align-items: center;
  -webkit-box-align: center;
  -ms-flex-align: center;
  align-items: center;
  -webkit-box-pack: center;
  -webkit-justify-content: center;
  -ms-flex-pack: center;
  justify-content: center;
  padding: 0.2rem 0.9rem;
  text-align: center;
  background: #FFF;
  border: 2px solid #116193;
  border-radius: 2rem;
  color: #116193;
  -webkit-transition: background 0.3s ease-in-out;
  transition: background 0.3s ease-in-out;
}

.c14:hover {
  background: #e5e5e5;
}

.c0 {
  display: -webkit-box;
  display: -webkit-flex;
  display: -ms-flexbox;
  display: flex;
  -webkit-flex-direction: column;
  -ms-flex-direction: column;
  flex-direction: column;
  -webkit-flex: 1;
  -ms-flex: 1;
  flex: 1;
  border-radius: 0.4rem;
}

.c1 {
  display: -webkit-box;
  display: -webkit-flex;
  display: -ms-flexbox;
  display: flex;
  -webkit-flex-flow: row wrap;
  -ms-flex-flow: row wrap;
  flex-flow: row wrap;
  -webkit-box-pack: start;
  -webkit-justify-content: flex-start;
  -ms-flex-pack: start;
  justify-content: flex-start;
  -webkit-align-items: stretch;
  -webkit-box-align: stretch;
  -ms-flex-align: stretch;
  align-items: stretch;
  -webkit-align-content: center;
  -ms-flex-line-pack: center;
  align-content: center;
  margin: 2rem 0;
  width: 100%;
  height: 32rem;
  margin-bottom: 4rem;
  background: #e8e8e8;
  -webkit-text-decoration: none;
  text-decoration: none;
  color: #5e5e5e;
}

.c2 {
  width: 20rem;
  height: 100%;
  background: #116193;
  object-fit: cover;
}

.c3 {
  -webkit-flex: 1;
  -ms-flex: 1;
  flex: 1;
  -webkit-flex-direction: column;
  -ms-flex-direction: column;
  flex-direction: column;
  display: block;
}

.c8 {
  display: -webkit-box;
  display: -webkit-flex;
  display: -ms-flexbox;
  display: flex;
  -webkit-align-items: flex-end;
  -webkit-box-align: flex-end;
  -ms-flex-align: flex-end;
  align-items: flex-end;
  justify-items: flex-start;
  height: 6.4rem;
  -webkit-flex: 1;
  -ms-flex: 1;
  flex: 1;
  padding-left: 9.6rem;
  padding-right: 0.8rem;
  background: #116193;
  color: #00ede7;
  overflow: auto;
  white-space: nowrap;
  font-family: 'Abel';
}

.c9 {
  -webkit-flex: 1;
  -ms-flex: 1;
  flex: 1;
  -webkit-flex-direction: column;
  -ms-flex-direction: column;
  flex-direction: column;
  padding: 2.4rem;
  overflow: hidden;
}

.c10 {
  -webkit-align-self: flex-start;
  -ms-flex-item-align: start;
  align-self: flex-start;
  font-size: 1.8rem;
  color: #5e5e5e;
}

.c11 {
  -webkit-flex: 1;
  -ms-flex: 1;
  flex: 1;
  max-height: 13rem;
  overflow: hidden;
  text-overflow: clip;
}

.c12 {
  display: -webkit-box;
  display: -webkit-flex;
  display: -ms-flexbox;
  display: flex;
  -webkit-align-items: center;
  -webkit-box-align: center;
  -ms-flex-align: center;
  align-items: center;
  -webkit-box-pack: start;
  -webkit-justify-content: flex-start;
  -ms-flex-pack: start;
  justify-content: flex-start;
  margin-top: 2.4rem;
  padding: 0.8rem 0;
}

.c12 .c13 {
  margin-right: 0.4rem;
}

.c4 {
  width: 7rem;
  height: 7rem;
  position: absolute;
  margin-top: 2.4rem;
  margin-left: 1.6rem;
}

@media (max-width:768px) {
  .c1 {
    -webkit-flex-direction: column-reverse;
    -ms-flex-direction: column-reverse;
    flex-direction: column-reverse;
    width: 100%;
    height: 100%;
  }
}

@media (max-width:768px) {
  .c2 {
    width: 95%;
    margin: 0 auto;
    max-height: 100%;
  }
}

@media (max-width:768px) {
  .c8 {
    -webkit-align-items: center;
    -webkit-box-align: center;
    -ms-flex-align: center;
    align-items: center;
    white-space: normal;
    min-height: 90%;
    font-size: 1.6rem;
  }
}

@media (max-width:768px) {
  .c12 {
    -webkit-flex-wrap: wrap;
    -ms-flex-wrap: wrap;
    flex-wrap: wrap;
    -webkit-box-pack: center;
    -webkit-justify-content: center;
    -ms-flex-pack: center;
    justify-content: center;
    margin-top: 0.8rem;
  }

  .c12 .c13 {
    margin: 0.4rem;
  }
}

@media (max-width:768px) {
  .c4 {
    margin-top: 2.4rem;
  }
}

<div
  class="c0"
>
  <a
    class="c1"
    href="/movie/1"
  >
    <img
      alt="Poster of the movie Xuxa - Lua de Cristal"
      class="c2"
      src="https://image.tmdb.org/t/p/w342/dkyfy7ifoYky2IeDCwVukOZmTwV.jpg"
    />
    <div
      class="c3"
    >
      <div
        class="c4"
      >
        <div
          class="c5"
        >
          <div
            class="c6 c7"
          >
            55
            %
          </div>
        </div>
      </div>
      <h1
        class="c8"
      >
        Xuxa - Lua de Cristal
      </h1>
      <div
        class="c9"
      >
        <p
          class="c10"
        >
          22/06/1990
        </p>
        <div
          class="c11"
        >
          Maria da Graça é uma jovem bonita e sonhadora que se muda para a cidade grande com a intenção de fazer aulas de canto. Lá, ela se hospeda na casa de sua tia Zuleika e seus primos Lidinha e Mauricinho, que vivem atormentando sua vida, fazendo-a trabalhar como uma escrava. Por ser um tanto ingênua e tímida, Maria vive caindo nas armações de Lidinha; enquanto é alvo das constantes cantadas de Mauricinho, ao que ela rejeita; tendo de suportar também os detestáveis amigos deste, enquanto não consegue se adaptar á cidade. Porém, em meio a tantos problemas, Maria conhece a pequena Duda, sua vizinha; e o desajeitado Bob, que se tornam seus amigos. Bob é a materialização do príncipe de Maria em seus sonhos, e este a ajudará a conseguir emprego em sua lanchonete e a transformará na estrela de um show.
        </div>
        <div
          class="c12"
        >
          <span
            class="c13 c14"
          >
            Suspense
          </span>
          <span
            class="c13 c14"
          >
            Terror
          </span>
          <span
            class="c13 c14"
          >
            Fantasia
          </span>
        </div>
      </div>
    </div>
  </a>
</div>
`;
